CheckCompositeTypes
├─── var
│    └─── integer
│         └─── a
├─── begin
│    └─── :=
│         ├─── a
│         └─── +
│              ├─── 5
│              └─── 5
└─── end


