CheckCompositeTypes
├─── var
│    ├─── integer
│    │    └─── a
│    └─── real
│         └─── c
├─── begin
│    ├─── :=
│    │    ├─── a
│    │    └─── 5
│    └─── :=
│         ├─── c
│         └─── +
│              ├─── 5,5
│              └─── real
│                   └─── a
└─── end


