CheckCompositeTypes
├─── var
│    └─── string
│         └─── a
├─── begin
│    └─── +=
│         ├─── a
│         └─── "hello"
└─── end


