CheckCompositeTypes
├─── var
│    └─── integer
│         └─── a
├─── begin
│    └─── :=
│         ├─── a
│         └─── *
│              ├─── a
│              └─── a
└─── end


