program checkif
├─── var
│    └─── :
│         ├─── i
│         └─── integer
└─── begin
     ├─── if
     │    ├─── or
     │    │    ├─── <
     │    │    │    ├─── i
     │    │    │    └─── 6
     │    │    └─── >
     │    │         ├─── i
     │    │         └─── -
     │    │              └─── 4
     │    ├─── write
     │    │    └─── 'yes'
     │    └─── 
     └─── end
