CheckIf
├─── var
│    └─── integer
│         └─── i
├─── begin
│    └─── if
│         ├─── >
│         │    ├─── i
│         │    └─── 5
│         ├─── write
│         │    └─── "yes"
│         else
│         └─── write
│              └─── "no"
└─── end