CheckFor
├─── var
│    └─── integer
│         └─── i
├─── begin
│    └─── for 
│         ├─── :=
│         │    ├─── i
│         │    └─── 5
│         ├─── downto
│         │    └─── 6
│         └─── write
│              └─── i
└─── end


