CheckRepeat
├─── var
│    └─── integer
│         ├─── i
│         └─── =
│              └─── 5
├─── begin
│    └─── repeat
│         ├─── write
│         │    └─── i
│         ├─── -=
│         │    ├─── i
│         │    └─── 1
│         └─── >
│              ├─── i
│              └─── 0
└─── end


