program
├─── type
│    └─── =
│         ├─── a 
│         └─── integer 
├─── var
│    └─── a (integer)
│         └─── b
├─── begin
└─── end


