CheckDefs
├─── type
│    ├─── =
│    │    ├─── a 
│    │    └─── integer 
│    └─── =
│         ├─── b 
│         └─── a (integer) 
├─── var
│    ├─── b (a (integer))
│    │    ├─── c
│    │    └─── =
│    │         └─── 5
│    └─── integer
│         ├─── d
│         └─── =
│              └─── 7
├─── type
│    └─── =
│         ├─── e 
│         └─── string 
├─── var
│    └─── e (string)
│         └─── f
├─── begin
│    └─── 
└─── end


