(3,15) ERROR: Only one variable can be initialized
