CheckScalarTypes
├─── type
│    └─── =
│         ├─── arr 
│         └─── array
│              ├─── ..
│              │    ├─── 0
│              │    └─── 5
│              └─── integer 
├─── var
│    └─── arr (array
│         │    ├─── ..
│         │    │    ├─── 0
│         │    │    └─── 5
│         │    └─── integer)
│         └─── a
├─── begin
│    └─── :=
│         ├─── a[0]
│         └─── 5
└─── end


