CheckProcedures
├─── procedure proc
│    ├─── parameters
│    │    ├─── integer
│    │    │    └─── var a
│    │    └─── real
│    │         └─── out b
│    ├─── local_types
│    │    └─── var
│    │         └─── integer
│    │              ├─── d
│    │              └─── =
│    │                   └─── 6
│    ├─── begin
│    │    ├─── :=
│    │    │    ├─── var a
│    │    │    └─── d
│    │    └─── :=
│    │         ├─── out b
│    │         └─── -
│    │              └─── 1,4
│    └─── end
├─── var
│    ├─── integer
│    │    ├─── a
│    │    └─── =
│    │         └─── 1
│    └─── real
│         └─── b
├─── begin
│    └─── proc
│         ├─── a
│         └─── b
└─── end


