CheckScalarTypes
├─── const
│    └─── =
│         ├─── a 
│         └─── 3 
├─── type
│    └─── =
│         ├─── arr 
│         └─── array
│              ├─── ..
│              │    ├─── 0
│              │    └─── 5
│              ├─── ..
│              │    ├─── 1
│              │    └─── 6
│              ├─── ..
│              │    ├─── +
│              │    │    ├─── 2
│              │    │    └─── 6
│              │    └─── *
│              │         ├─── a
│              │         └─── 10
│              └─── integer 
├─── var
│    └─── arr (array
│         │    ├─── ..
│         │    │    ├─── 0
│         │    │    └─── 5
│         │    ├─── ..
│         │    │    ├─── 1
│         │    │    └─── 6
│         │    ├─── ..
│         │    │    ├─── +
│         │    │    │    ├─── 2
│         │    │    │    └─── 6
│         │    │    └─── *
│         │    │         ├─── a
│         │    │         └─── 10
│         │    └─── integer)
│         └─── b
├─── begin
└─── end


