Hello
├─── const
│    └─── =
│         ├─── b 
│         └─── 7 
├─── type
│    └─── =
│         ├─── t 
│         └─── string 
├─── var
│    └─── t (string)
│         └─── a
├─── begin
│    └─── 
└─── end


