CheckProcedures
├─── procedure proc
│    ├─── parameters
│    │    ├─── string
│    │    │    └─── a
│    │    └─── integer
│    │         └─── b
│    ├─── local_types
│    │    └─── var
│    │         └─── integer
│    │              ├─── d
│    │              └─── =
│    │                   └─── 6
│    ├─── begin
│    │    ├─── :=
│    │    │    ├─── a
│    │    │    └─── "string"
│    │    └─── :=
│    │         ├─── b
│    │         └─── d
│    └─── end
├─── begin
│    └─── proc
│         ├─── "hello"
│         └─── 5
└─── end


