program
├─── var
│    └─── integer
│         └─── x
├─── begin
│    └─── :=
│         ├─── x
│         └─── +
│              ├─── 1
│              └─── 1
└─── end


