program
├─── var
│    └─── integer
│         └─── x
├─── begin
│    └─── :=
│         ├─── x
│         └─── -
│              ├─── -
│              │    ├─── 1
│              │    └─── 2
│              └─── 3
└─── end


