program
├─── var
│    └─── integer
│         └─── x
├─── begin
│    └─── :=
│         ├─── x
│         └─── -
│              ├─── 1
│              └─── -
│                   └─── 3
└─── end


