(1, 6) Wrong number of parameters specified for call to "a"