1	1	IDENTIFIER	aa_	aa_
2	1	IDENTIFIER	_aa	_aa
3	1	IDENTIFIER	a_a2	a_a2
