1	1	STRING	This Line Has 23 Symbol This Line Has 47 Symbol This Line Has 71 Symbol This Line Has 95 Symbol This Line Has 120 Symbol This Line Has 145 Symbol This Line Has 170 Symbol This Line Has 195 Symbol This Line Has 220 Symbol This Line Has 245 Symbol This Line	'This Line Has 23 Symbol This Line Has 47 Symbol This Line Has 71 Symbol This Line Has 95 Symbol This Line Has 120 Symbol This Line Has 145 Symbol This Line Has 170 Symbol This Line Has 195 Symbol This Line Has 220 Symbol This Line Has 245 Symbol This Line Has 23 Symbol This Line Has 47 Symbol This Line Has 71 Symbol This Line Has 95 Symbol This Line Has 120 Symbol This Line Has 145 Symbol This Line Has 170 Symbol This Line Has 195 Symbol This Line Has 220 Symbol This Line Has 245 Symbol This Line Has 270 Symbol'
EndFile