(1,2) Fatal: Lexical error, for Identifier not expected "'"
