1,	1,	STRING,	y,	#255
2,	1,	STRING,	A,	#256
EndFile