1	1	IDENTIFIER	break	break
2	1	WORDKEY	AND	and
3	1	WORDKEY	STRING	String
4	1	WORDKEY	TRUE	TRUE
