1	1	INTEGER	2147483647	2147483647
(2,1) Fatal: Overflow symbol in integer
