1	1	REAL	1,23	1.23
1	5	SEPARATOR	.	.
1	6	INTEGER	12	12
