1	1	REAL	1,003	1.003
1	6	SEPARATOR	..	..
1	8	REAL	1,23	1.23
