1,	1,	OPERATOR,	-,	-
1,	2,	INTEGER,	12,	12
EndFile