1	1	REAL	0,01	1e-2
1	5	SEPARATOR	.	.
1	6	INTEGER	3	3
