1	1	REAL	1,2	1.2
1	4	OPERATOR	-	-
1	5	IDENTIFIER	e3	e3
