1	1	IDENTIFIER	e	e
1	2	OPERATOR	-	-
1	3	INTEGER	1	1
