1	1	IDENTIFIER	c	c
1	3	OPERATOR	>>	>>
1	6	IDENTIFIER	d	d
1	8	OPERATOR	<<	<<
1	11	IDENTIFIER	a	a
1	13	OPERATOR	+=	+=
1	16	IDENTIFIER	c	c
1	18	OPERATOR	-=	-=
1	21	IDENTIFIER	a	a
1	23	OPERATOR	<>	<>
