1	1	REAL	100	1e2
1	4	SEPARATOR	.	.
1	5	INTEGER	3	3
EndFile