1	1	IDENTIFIER	a	a
1	2	OPERATOR	><	><
1	4	IDENTIFIER	c	c
