1	1	INTEGER	1	1
1	2	OPERATOR	-	-
1	3	SEPARATOR	.	.
1	4	IDENTIFIER	e2	e2
EndFile