1	1	IDENTIFIER	a	a
1	3	OPERATOR	:=	:=
1	6	IDENTIFIER	c	c
1	8	OPERATOR	*	*
1	10	INTEGER	12	12
EndFile