1	1	IDENTIFIER	a	a
1	3	SEPARATOR	(	(
1	4	SEPARATOR	(	(
1	5	IDENTIFIER	b	b
1	6	SEPARATOR	)	)
1	7	SEPARATOR	)	)
EndFile