1	1	IDENTIFIER	a	a
1	2	SEPARATOR	..	..
1	4	IDENTIFIER	b	b
EndFile