1	1	INTEGER	1	1
1	2	SEPARATOR	.	.
1	3	IDENTIFIER	a	a
EndFile