1	1	INTEGER	1	1
1	9	INTEGER	3	3
(1,1)Fatal: illegal character "'}'"